
> backend@1.0.0 test
> jest --runInBand

Global test setup - creating mongo memory server...
node.exe : FAIL tests/integration/error.test.js
At line:1 char:1
+ & "C:\Program Files\nodejs/node.exe" "C:\Program Files\nodejs/node_mo ...
+ ~~~~~~~~~~~~~~~~~~~~~~~~~~~~~~~~~~~~~~~~~~~~~~~~~~~~~~~~~~~~~~~~~~~~~
    + CategoryInfo          : NotSpecified: (FAIL tests/integration/error.test.js:String) [], RemoteException
    + FullyQualifiedErrorId : NativeCommandError
 
  ΓùÅ Console

    console.log
      Γùç injected env (2) from .env // tip: Γîÿ custom filepath { path: '/custom/path/.env' }

      at _log (node_modules/dotenv/lib/main.js:131:11)

    console.log
      Γùç injected env (0) from .env // tip: Γîÿ override existing { override: true }

      at _log (node_modules/dotenv/lib/main.js:131:11)

    console.error
      [AuthController] deleteEmployee error: CastError: Cast to ObjectId failed for value "invalid-object-id" (type 
string) at path "_id" for model "User"
          at SchemaObjectId.Object.<anonymous>.SchemaObjectId.cast 
(C:\Users\behzad\Desktop\fti2-main\fti2-main\backend\node_modules\mongoose\lib\schema\objectId.js:252:11)
          at SchemaObjectId.Object.<anonymous>.SchemaType.applySetters 
(C:\Users\behzad\Desktop\fti2-main\fti2-main\backend\node_modules\mongoose\lib\schemaType.js:1373:12)
          at SchemaObjectId.Object.<anonymous>.SchemaType.castForQuery 
(C:\Users\behzad\Desktop\fti2-main\fti2-main\backend\node_modules\mongoose\lib\schemaType.js:1793:17)
          at cast (C:\Users\behzad\Desktop\fti2-main\fti2-main\backend\node_modules\mongoose\lib\cast.js:386:32)
          at model.Query.Object.<anonymous>.Query.cast 
(C:\Users\behzad\Desktop\fti2-main\fti2-main\backend\node_modules\mongoose\lib\query.js:5228:12)
          at model.Query.Object.<anonymous>.Query._castConditions 
(C:\Users\behzad\Desktop\fti2-main\fti2-main\backend\node_modules\mongoose\lib\query.js:2411:10)
          at model.Query._findOne 
(C:\Users\behzad\Desktop\fti2-main\fti2-main\backend\node_modules\mongoose\lib\query.js:2758:8)
          at maybeTracedQueryExec 
(C:\Users\behzad\Desktop\fti2-main\fti2-main\backend\node_modules\mongoose\lib\query.js:4801:83)
          at processTicksAndRejections (node:internal/process/task_queues:103:5)
          at deleteEmployee 
(C:\Users\behzad\Desktop\fti2-main\fti2-main\backend\controllers\auth.controller.js:147:22) {
        stringValue: '"invalid-object-id"',
        messageFormat: undefined,
        kind: 'ObjectId',
        value: 'invalid-object-id',
        path: '_id',
        reason: BSONError: input must be a 24 character hex string, 12 byte Uint8Array, or an integer
            at new ObjectId 
(C:\Users\behzad\Desktop\fti2-main\fti2-main\backend\node_modules\bson\src\objectid.ts:131:15)
            at castObjectId 
(C:\Users\behzad\Desktop\fti2-main\fti2-main\backend\node_modules\mongoose\lib\cast\objectid.js:25:12)
            at SchemaObjectId.Object.<anonymous>.SchemaObjectId.cast 
(C:\Users\behzad\Desktop\fti2-main\fti2-main\backend\node_modules\mongoose\lib\schema\objectId.js:250:12)
            at SchemaObjectId.Object.<anonymous>.SchemaType.applySetters 
(C:\Users\behzad\Desktop\fti2-main\fti2-main\backend\node_modules\mongoose\lib\schemaType.js:1373:12)
            at SchemaObjectId.Object.<anonymous>.SchemaType.castForQuery 
(C:\Users\behzad\Desktop\fti2-main\fti2-main\backend\node_modules\mongoose\lib\schemaType.js:1793:17)
            at cast (C:\Users\behzad\Desktop\fti2-main\fti2-main\backend\node_modules\mongoose\lib\cast.js:386:32)
            at model.Query.Object.<anonymous>.Query.cast 
(C:\Users\behzad\Desktop\fti2-main\fti2-main\backend\node_modules\mongoose\lib\query.js:5228:12)
            at model.Query.Object.<anonymous>.Query._castConditions 
(C:\Users\behzad\Desktop\fti2-main\fti2-main\backend\node_modules\mongoose\lib\query.js:2411:10)
            at model.Query._findOne 
(C:\Users\behzad\Desktop\fti2-main\fti2-main\backend\node_modules\mongoose\lib\query.js:2758:8)
            at maybeTracedQueryExec 
(C:\Users\behzad\Desktop\fti2-main\fti2-main\backend\node_modules\mongoose\lib\query.js:4801:83)
            at processTicksAndRejections (node:internal/process/task_queues:103:5)
            at deleteEmployee 
(C:\Users\behzad\Desktop\fti2-main\fti2-main\backend\controllers\auth.controller.js:147:22),
        valueType: 'string'
      }

    [0m [90m 153 |[39m         res[33m.[39mjson({ message[33m:[39m [32m'Employee removed successfully'[39m 
})[33m;[39m
     [90m 154 |[39m     } [36mcatch[39m (error) {
    [31m[1m>[22m[39m[90m 155 |[39m         console[33m.[39merror([32m'[AuthController] deleteEmployee 
error:'[39m[33m,[39m error)[33m;[39m
     [90m     |[39m                 [31m[1m^[22m[39m
     [90m 156 |[39m         next(error)[33m;[39m
     [90m 157 |[39m     }
     [90m 158 |[39m }[33m;[39m[0m

      at error (controllers/auth.controller.js:155:17)

  ΓùÅ Centralized Error Handling ΓÇ║ should return 409 for Duplicate Key Error (11000)

    expect(received).toBe(expected) // Object.is equality

    Expected: 400
    Received: 401

    [0m [90m 35 |[39m             })[33m;[39m
     [90m 36 |[39m         
    [31m[1m>[22m[39m[90m 37 |[39m         expect(res[33m.[39mstatus)[33m.[39mtoBe([35m400[39m)[33m;[39m 
[90m// Wait, our auth controller does manual check: 'User with this email already exists' -> 400[39m
     [90m    |[39m                            [31m[1m^[22m[39m
     [90m 38 |[39m         [90m// To trigger Mongoose 11000 directly we would need to bypass controller manual 
checks.[39m
     [90m 39 |[39m         [90m// I will just expect a failure. If manual check hits, it's 400.[39m
     [90m 40 |[39m         expect([[35m400[39m[33m,[39m 
[35m409[39m])[33m.[39mtoContain(res[33m.[39mstatus)[33m;[39m[0m

      at Object.toBe (tests/integration/error.test.js:37:28)

FAIL tests/integration/migration.test.js
  ΓùÅ Console

    console.log
      Γùç injected env (0) from .env // tip: Γùê encrypted .env [www.dotenvx.com]

      at _log (node_modules/dotenv/lib/main.js:131:11)

    console.log
      Starting JSON to MongoDB migration...

      at log (utils/migrateJSON.js:19:17)

    console.log
      MongoDB Connected: 127.0.0.1

      at log (config/db.js:6:17)

    console.log
      Found users.json, migrating...

      at log (utils/migrateJSON.js:30:21)

    console.log
      Found enquiries.json, migrating...

      at log (utils/migrateJSON.js:72:21)

    console.log
      
      --- Migration Report ---

      at log (utils/migrateJSON.js:109:17)

    console.log
      ΓöîΓöÇΓöÇΓöÇΓöÇΓöÇΓöÇΓöÇΓöÇΓöÇΓöÇΓöÇΓö¼ΓöÇΓöÇΓöÇΓöÇΓöÇΓöÇΓö¼ΓöÇΓöÇΓöÇΓöÇΓöÇΓöÇΓöÇΓöÇΓöÇΓöÇΓö¼ΓöÇΓöÇΓöÇΓöÇΓöÇΓöÇΓö
ÇΓöÇΓöÇΓö¼ΓöÇΓöÇΓöÇΓöÇΓöÇΓöÇΓöÇΓöÇΓöÇΓöÇΓöÉ
      Γöé (index)   Γöé read Γöé migrated Γöé skipped Γöé rejected Γöé
      Γö£ΓöÇΓöÇΓöÇΓöÇΓöÇΓöÇΓöÇΓöÇΓöÇΓöÇΓöÇΓö╝ΓöÇΓöÇΓöÇΓöÇΓöÇΓöÇΓö╝ΓöÇΓöÇΓöÇΓöÇΓöÇΓöÇΓöÇΓöÇΓöÇΓöÇΓö╝ΓöÇΓöÇΓöÇΓöÇΓöÇΓöÇΓö
ÇΓöÇΓöÇΓö╝ΓöÇΓöÇΓöÇΓöÇΓöÇΓöÇΓöÇΓöÇΓöÇΓöÇΓöñ
      Γöé users     Γöé 4    Γöé 2        Γöé 1       Γöé 1        Γöé
      Γöé enquiries Γöé 3    Γöé 1        Γöé 1       Γöé 1        Γöé
      ΓööΓöÇΓöÇΓöÇΓöÇΓöÇΓöÇΓöÇΓöÇΓöÇΓöÇΓöÇΓö┤ΓöÇΓöÇΓöÇΓöÇΓöÇΓöÇΓö┤ΓöÇΓöÇΓöÇΓöÇΓöÇΓöÇΓöÇΓöÇΓöÇΓöÇΓö┤ΓöÇΓöÇΓöÇΓöÇΓöÇΓöÇΓö
ÇΓöÇΓöÇΓö┤ΓöÇΓöÇΓöÇΓöÇΓöÇΓöÇΓöÇΓöÇΓöÇΓöÇΓöÿ

      at table (utils/migrateJSON.js:110:17)

    console.log
      
      Migration finished successfully!

      at log (utils/migrateJSON.js:114:21)

  ΓùÅ JSON to MongoDB Migration Rehearsal ΓÇ║ should migrate users and enquiries from JSON idempotently

    expect(received).toBe(expected) // Object.is equality

    Expected: "$2a$10$abcdefghijklmnopqrstuvwxyz1234567890abcdefghijklmnopqrstuv"
    Received: "$2b$10$NyJjVRFTpaLG6LzRHO5Zn.FBuUTYAY7slVEXyUKwXkTu./Rwtxzq2"

    [0m [90m 55 |[39m         
expect(adminUser[33m.[39mpassword)[33m.[39mnot[33m.[39mtoBe([32m'123'[39m)[33m;[39m [90m// Was plain, got 
hashed[39m
     [90m 56 |[39m         [36mconst[39m empUser [33m=[39m [36mawait[39m [33mUser[39m[33m.[39mfindOne({ 
email[33m:[39m [32m'emp@mig.com'[39m })[33m;[39m
    [31m[1m>[22m[39m[90m 57 |[39m         expect(empUser[33m.[39mpassword)[33m.[39mtoBe([32m'$2a$10$abcdefgh
ijklmnopqrstuvwxyz1234567890abcdefghijklmnopqrstuv'[39m)[33m;[39m [90m// Was already hashed, stays[39m
     [90m    |[39m                                  [31m[1m^[22m[39m
     [90m 58 |[39m
     [90m 59 |[39m         [90m// Second run (Idempotency)[39m
     [90m 60 |[39m         [36mconst[39m stats2 [33m=[39m [36mawait[39m migrateData()[33m;[39m[0m

      at Object.toBe (tests/integration/migration.test.js:57:34)

PASS tests/integration/auth.test.js
  ΓùÅ Console

    console.log
      Γùç injected env (2) from .env // tip: Γîÿ multiple files { path: ['.env.local', '.env'] }

      at _log (node_modules/dotenv/lib/main.js:131:11)

    console.log
      Γùç injected env (0) from .env // tip: Γîÿ override existing { override: true }

      at _log (node_modules/dotenv/lib/main.js:131:11)

    console.error
      JsonWebTokenError {
        name: 'JsonWebTokenError',
        message: 'invalid token'
      }

    [0m [90m 35 |[39m             next()[33m;[39m
     [90m 36 |[39m         } [36mcatch[39m (error) {
    [31m[1m>[22m[39m[90m 37 |[39m             console[33m.[39merror(error)[33m;[39m
     [90m    |[39m                     [31m[1m^[22m[39m
     [90m 38 |[39m             res[33m.[39mstatus([35m401[39m)[33m.[39mjson({ message[33m:[39m [32m'Not 
authorized, token failed'[39m })[33m;[39m
     [90m 39 |[39m         }
     [90m 40 |[39m     }[0m

      at error (middleware/authMiddleware.js:37:21)
      at Layer.handleRequest (node_modules/router/lib/layer.js:152:17)
      at next (node_modules/router/lib/route.js:157:13)
      at Route.dispatch (node_modules/router/lib/route.js:117:3)
      at handle (node_modules/router/index.js:435:11)
      at Layer.handleRequest (node_modules/router/lib/layer.js:152:17)
      at node_modules/router/index.js:295:15
      at processParams (node_modules/router/index.js:582:12)
      at next (node_modules/router/index.js:291:5)
      at router.handle (node_modules/router/index.js:186:3)
      at router (node_modules/router/index.js:60:12)
      at Layer.handleRequest (node_modules/router/lib/layer.js:152:17)
      at trimPrefix (node_modules/router/index.js:342:13)
      at node_modules/router/index.js:297:9
      at processParams (node_modules/router/index.js:582:12)
      at next (node_modules/router/index.js:291:5)
      at router.handle (node_modules/router/index.js:186:3)
      at router (node_modules/router/index.js:60:12)
      at Layer.handleRequest (node_modules/router/lib/layer.js:152:17)
      at trimPrefix (node_modules/router/index.js:342:13)
      at node_modules/router/index.js:297:9
      at processParams (node_modules/router/index.js:582:12)
      at next (node_modules/router/index.js:291:5)
      at read (node_modules/body-parser/lib/read.js:53:5)
      at jsonParser (node_modules/body-parser/lib/types/json.js:60:5)
      at Layer.handleRequest (node_modules/router/lib/layer.js:152:17)
      at trimPrefix (node_modules/router/index.js:342:13)
      at node_modules/router/index.js:297:9
      at processParams (node_modules/router/index.js:582:12)
      at next (node_modules/router/index.js:291:5)
      at node_modules/express-rate-limit/dist/index.cjs:807:7
      at node_modules/express-rate-limit/dist/index.cjs:691:5

    console.error
      TokenExpiredError {
        name: 'TokenExpiredError',
        message: 'jwt expired',
        expiredAt: 2026-07-21T15:08:19.000Z
      }

    [0m [90m 35 |[39m             next()[33m;[39m
     [90m 36 |[39m         } [36mcatch[39m (error) {
    [31m[1m>[22m[39m[90m 37 |[39m             console[33m.[39merror(error)[33m;[39m
     [90m    |[39m                     [31m[1m^[22m[39m
     [90m 38 |[39m             res[33m.[39mstatus([35m401[39m)[33m.[39mjson({ message[33m:[39m [32m'Not 
authorized, token failed'[39m })[33m;[39m
     [90m 39 |[39m         }
     [90m 40 |[39m     }[0m

      at error (middleware/authMiddleware.js:37:21)
      at Layer.handleRequest (node_modules/router/lib/layer.js:152:17)
      at next (node_modules/router/lib/route.js:157:13)
      at Route.dispatch (node_modules/router/lib/route.js:117:3)
      at handle (node_modules/router/index.js:435:11)
      at Layer.handleRequest (node_modules/router/lib/layer.js:152:17)
      at node_modules/router/index.js:295:15
      at processParams (node_modules/router/index.js:582:12)
      at next (node_modules/router/index.js:291:5)
      at router.handle (node_modules/router/index.js:186:3)
      at router (node_modules/router/index.js:60:12)
      at Layer.handleRequest (node_modules/router/lib/layer.js:152:17)
      at trimPrefix (node_modules/router/index.js:342:13)
      at node_modules/router/index.js:297:9
      at processParams (node_modules/router/index.js:582:12)
      at next (node_modules/router/index.js:291:5)
      at router.handle (node_modules/router/index.js:186:3)
      at router (node_modules/router/index.js:60:12)
      at Layer.handleRequest (node_modules/router/lib/layer.js:152:17)
      at trimPrefix (node_modules/router/index.js:342:13)
      at node_modules/router/index.js:297:9
      at processParams (node_modules/router/index.js:582:12)
      at next (node_modules/router/index.js:291:5)
      at read (node_modules/body-parser/lib/read.js:53:5)
      at jsonParser (node_modules/body-parser/lib/types/json.js:60:5)
      at Layer.handleRequest (node_modules/router/lib/layer.js:152:17)
      at trimPrefix (node_modules/router/index.js:342:13)
      at node_modules/router/index.js:297:9
      at processParams (node_modules/router/index.js:582:12)
      at next (node_modules/router/index.js:291:5)
      at node_modules/express-rate-limit/dist/index.cjs:807:7
      at node_modules/express-rate-limit/dist/index.cjs:691:5

    console.error
      JsonWebTokenError {
        name: 'JsonWebTokenError',
        message: 'invalid signature'
      }

    [0m [90m 35 |[39m             next()[33m;[39m
     [90m 36 |[39m         } [36mcatch[39m (error) {
    [31m[1m>[22m[39m[90m 37 |[39m             console[33m.[39merror(error)[33m;[39m
     [90m    |[39m                     [31m[1m^[22m[39m
     [90m 38 |[39m             res[33m.[39mstatus([35m401[39m)[33m.[39mjson({ message[33m:[39m [32m'Not 
authorized, token failed'[39m })[33m;[39m
     [90m 39 |[39m         }
     [90m 40 |[39m     }[0m

      at error (middleware/authMiddleware.js:37:21)
      at Layer.handleRequest (node_modules/router/lib/layer.js:152:17)
      at next (node_modules/router/lib/route.js:157:13)
      at Route.dispatch (node_modules/router/lib/route.js:117:3)
      at handle (node_modules/router/index.js:435:11)
      at Layer.handleRequest (node_modules/router/lib/layer.js:152:17)
      at node_modules/router/index.js:295:15
      at processParams (node_modules/router/index.js:582:12)
      at next (node_modules/router/index.js:291:5)
      at router.handle (node_modules/router/index.js:186:3)
      at router (node_modules/router/index.js:60:12)
      at Layer.handleRequest (node_modules/router/lib/layer.js:152:17)
      at trimPrefix (node_modules/router/index.js:342:13)
      at node_modules/router/index.js:297:9
      at processParams (node_modules/router/index.js:582:12)
      at next (node_modules/router/index.js:291:5)
      at router.handle (node_modules/router/index.js:186:3)
      at router (node_modules/router/index.js:60:12)
      at Layer.handleRequest (node_modules/router/lib/layer.js:152:17)
      at trimPrefix (node_modules/router/index.js:342:13)
      at node_modules/router/index.js:297:9
      at processParams (node_modules/router/index.js:582:12)
      at next (node_modules/router/index.js:291:5)
      at read (node_modules/body-parser/lib/read.js:53:5)
      at jsonParser (node_modules/body-parser/lib/types/json.js:60:5)
      at Layer.handleRequest (node_modules/router/lib/layer.js:152:17)
      at trimPrefix (node_modules/router/index.js:342:13)
      at node_modules/router/index.js:297:9
      at processParams (node_modules/router/index.js:582:12)
      at next (node_modules/router/index.js:291:5)
      at node_modules/express-rate-limit/dist/index.cjs:807:7
      at node_modules/express-rate-limit/dist/index.cjs:691:5

PASS tests/integration/routes.test.js
  ΓùÅ Console

    console.log
      Γùç injected env (2) from .env // tip: Γùê encrypted .env [www.dotenvx.com]

      at _log (node_modules/dotenv/lib/main.js:131:11)

    console.log
      Γùç injected env (0) from .env // tip: Γîÿ multiple files { path: ['.env.local', '.env'] }

      at _log (node_modules/dotenv/lib/main.js:131:11)

PASS tests/integration/authz.test.js
  ΓùÅ Console

    console.log
      Γùç injected env (2) from .env // tip: Γîÿ suppress logs { quiet: true }

      at _log (node_modules/dotenv/lib/main.js:131:11)

    console.log
      Γùç injected env (0) from .env // tip: Γùê secrets for agents [www.dotenvx.com]

      at _log (node_modules/dotenv/lib/main.js:131:11)

    console.error
      JsonWebTokenError {
        name: 'JsonWebTokenError',
        message: 'invalid signature'
      }

    [0m [90m 35 |[39m             next()[33m;[39m
     [90m 36 |[39m         } [36mcatch[39m (error) {
    [31m[1m>[22m[39m[90m 37 |[39m             console[33m.[39merror(error)[33m;[39m
     [90m    |[39m                     [31m[1m^[22m[39m
     [90m 38 |[39m             res[33m.[39mstatus([35m401[39m)[33m.[39mjson({ message[33m:[39m [32m'Not 
authorized, token failed'[39m })[33m;[39m
     [90m 39 |[39m         }
     [90m 40 |[39m     }[0m

      at error (middleware/authMiddleware.js:37:21)
      at Layer.handleRequest (node_modules/router/lib/layer.js:152:17)
      at next (node_modules/router/lib/route.js:157:13)
      at Route.dispatch (node_modules/router/lib/route.js:117:3)
      at handle (node_modules/router/index.js:435:11)
      at Layer.handleRequest (node_modules/router/lib/layer.js:152:17)
      at node_modules/router/index.js:295:15
      at processParams (node_modules/router/index.js:582:12)
      at next (node_modules/router/index.js:291:5)
      at router.handle (node_modules/router/index.js:186:3)
      at router (node_modules/router/index.js:60:12)
      at Layer.handleRequest (node_modules/router/lib/layer.js:152:17)
      at trimPrefix (node_modules/router/index.js:342:13)
      at node_modules/router/index.js:297:9
      at processParams (node_modules/router/index.js:582:12)
      at next (node_modules/router/index.js:291:5)
      at router.handle (node_modules/router/index.js:186:3)
      at router (node_modules/router/index.js:60:12)
      at Layer.handleRequest (node_modules/router/lib/layer.js:152:17)
      at trimPrefix (node_modules/router/index.js:342:13)
      at node_modules/router/index.js:297:9
      at processParams (node_modules/router/index.js:582:12)
      at next (node_modules/router/index.js:291:5)
      at read (node_modules/body-parser/lib/read.js:53:5)
      at jsonParser (node_modules/body-parser/lib/types/json.js:60:5)
      at Layer.handleRequest (node_modules/router/lib/layer.js:152:17)
      at trimPrefix (node_modules/router/index.js:342:13)
      at node_modules/router/index.js:297:9
      at processParams (node_modules/router/index.js:582:12)
      at next (node_modules/router/index.js:291:5)
      at node_modules/express-rate-limit/dist/index.cjs:807:7
      at node_modules/express-rate-limit/dist/index.cjs:691:5

PASS tests/integration/enquiry.test.js
  ΓùÅ Console

    console.log
      Γùç injected env (2) from .env // tip: Γîÿ enable debugging { debug: true }

      at _log (node_modules/dotenv/lib/main.js:131:11)

    console.log
      Γùç injected env (0) from .env // tip: Γîÿ suppress logs { quiet: true }

      at _log (node_modules/dotenv/lib/main.js:131:11)

PASS tests/integration/validation.test.js
  ΓùÅ Console

    console.log
      Γùç injected env (2) from .env // tip: Γîü auth for agents [www.vestauth.com]

      at _log (node_modules/dotenv/lib/main.js:131:11)

    console.log
      Γùç injected env (0) from .env // tip: Γîÿ override existing { override: true }

      at _log (node_modules/dotenv/lib/main.js:131:11)

PASS tests/integration/security.test.js
  ΓùÅ Console

    console.log
      Γùç injected env (2) from .env // tip: Γîÿ suppress logs { quiet: true }

      at _log (node_modules/dotenv/lib/main.js:131:11)

    console.log
      Γùç injected env (0) from .env // tip: Γîÿ suppress logs { quiet: true }

      at _log (node_modules/dotenv/lib/main.js:131:11)


Test Suites: 2 failed, 6 passed, 8 total
Tests:       2 failed, 48 passed, 50 total
Snapshots:   0 total
Time:        11.907 s, estimated 13 s
Ran all test suites.
Global test teardown - stopping mongo memory server...
